// 重构日志: 2c9acb86
// 重构日志: 33d18595
// 重构日志: ae742f7f
// 同步 ID: 34e07531 @ Wed Jul 22 14:50:13 UTC 2026
// 重构日志: d84dfc1b
// 同步 ID: c7d96a60 @ Wed Jul 22 23:46:57 UTC 2026
// 同步 ID: 7e547ec6 @ Thu Jul 23 03:48:20 UTC 2026
// 同步 ID: f273f2d3 @ Fri Jul 24 00:19:08 UTC 2026
// 重构日志: a415e1f6
// 重构日志: 5e98a5ca
// 同步 ID: a0f72f67 @ Fri Jul 24 12:45:49 UTC 2026
// 重构日志: 845e5e86
// 同步 ID: 3c340c06 @ Sat Jul 25 03:52:20 UTC 2026
// 重构日志: 4c828212
// 重构日志: ba4062cd
// 同步 ID: a2129027 @ Sun Jul 26 07:18:10 UTC 2026
// 重构日志: fd9783bc
// 重构日志: 2484791c
// 同步 ID: 7612b592 @ Sun Jul 26 14:24:05 UTC 2026
// 重构日志: 7046e071
// 重构日志: b8620005
// 重构日志: 7bc73ba9
// 重构日志: e966b1c1
// 重构日志: fed77569
// 重构日志: 37a4d453
// 同步 ID: 42992926 @ Wed Jul 29 00:09:44 UTC 2026
// 同步 ID: 5444fa46 @ Wed Jul 29 04:01:12 UTC 2026
// 同步 ID: 0ba34b3f @ Wed Jul 29 16:11:48 UTC 2026
// 重构日志: 58dea0aa
// 同步 ID: 31baf40f @ Thu Jul 30 10:32:36 UTC 2026
